[INFO] Scanning for projects...
[INFO] 
[INFO] ---------------------< org.example:Collaboration >----------------------
[INFO] Building Collaboration 1.0-SNAPSHOT
[INFO]   from pom.xml
[INFO] --------------------------------[ jar ]---------------------------------
[INFO] 
[INFO] --- resources:3.3.1:resources (default-resources) @ Collaboration ---
[INFO] Copying 15 resources from src\main\resources to target\classes
[INFO] 
[INFO] --- compiler:3.11.0:compile (default-compile) @ Collaboration ---
[INFO] Nothing to compile - all classes are up to date
[INFO] ------------------------------------------------------------------------
[INFO] BUILD SUCCESS
[INFO] ------------------------------------------------------------------------
[INFO] Total time:  0.807 s
[INFO] Finished at: 2026-02-23T19:27:15+01:00
[INFO] ------------------------------------------------------------------------
